UPDATE "PUBLIC".CONTACT 
set "PUBLIC".CONTACT.EMAILADDRESS = "PUBLIC".CONTACT.ADDRESS

http://localhost:8081/edit/8ddb208c-481a-444d-9993-00ac40f94691
2025-06-14 14:56:08.448 2 ROLLBACK 
2025-06-14 14:56:37.473 3 ROLLBACK 
2025-06-14 15:11:26.474 2 INSERT INTO contact (contact_id, name, uuid, license, general_information, phone, address, streetaddress, city, state, zipcode, emailaddress, password, client_type, usage_date, created_date, start_date, end_date, active)  VALUES (:0 , :1 , :2 , :3 , :4  , :5 , :6 , :7 , :8 , :9 , :10 , :11 , :12 , :13 , :14 , :15 , :16 , :17 , :18 ) (1,'Mark Hildebrand','0825f2d3-f57c-4057-8515-6d497997b8a7','y8V9vQD3d1LEoWicIr9ddOxM6hsasE1sVkgvInpE1fI8WrvfsRyhZ22jkAizz4qMm9Muiv81am8blad4tWsrU3M0Kv8KkG46Lg+f2zC/3t/Uko7jRqyZfF0KmkHsFnRt',' Casper, WY','3073330964','mhildebrand@kcwy13.com','PO Box 1540','Mills','WY','82644','mhildebrand@kcwy13.com','','TV',TIMESTAMP'2017-09-07 00:00:00.000000',TIMESTAMP'2017-07-15 00:00:00.000000',TIMESTAMP'2017-01-04 00:00:00.000000',TIMESTAMP'2019-01-31 00:00:00.000000',0)
2025-06-14 15:11:26.474 2 ROLLBACK 
2025-06-16 21:06:32.599 2 ROLLBACK 
2025-06-16 21:12:25.096 3 ROLLBACK 
2025-06-16 21:14:29.374 3 ROLLBACK 
2025-06-16 21:17:05.795 3 ROLLBACK 
2025-06-16 21:21:56.520 3 ROLLBACK 
2025-06-16 21:42:21.770 3 ROLLBACK 
2025-06-17 19:21:24.892 12 ROLLBACK 
2025-06-17 19:22:39.609 3 ROLLBACK 
2025-06-17 19:27:09.032 3 ROLLBACK 
2025-06-17 19:29:57.937 3 ROLLBACK 
2025-06-17 19:31:44.301 3 ROLLBACK 
2025-06-17 19:40:49.122 3  INSERT INTO contact (contact_id, name, uuid, license, general_information, phone, address, streetaddress, city, state, zipcode, emailaddress, password, client_type, usage_date, created_date, start_date, end_date, active) VALUES (-888 , 'michael guld' , '2ff153db' , 'ZR7Pm97gVvC1UfVkacwQk4WYPMm37wUld/ldNpAyOj6PR4UE+UvwheH71LzmduZ23azWqzgqRQs+4L21FQ7wSQ==' , 'this is a test today'  , '8043567006' , 'natalie.guld@guldresource.com' , '3434 edwards mill rd.' , 'Raleigh' , 'NC' , '27612' , 'natalie.guld@guldresource.com' , 'pass' , 'Radio' , TIMESTAMP '2017-09-11 00:00:00.000000' , TIMESTAMP '2017-09-06 00:00:00.000000' , TIMESTAMP '2017-01-06 00:00:00.000000' , TIMESTAMP '2025-01-05 00:00:00.000000' , 1 ) 
2025-06-17 19:40:49.149 3 ROLLBACK 
2025-06-17 19:42:08.015 2 ROLLBACK 
